++set verbose on
GDB logging enabled: xv6_debug_20250929_210826.log
[*] Setting breakpoint for function: exec
[*] Setting breakpoint for function: syscall
++del xv6-regs
++del xv6-backtrace
++del xv6-proc
++del xv6-syscall
++del xv6-watch-file
++alias xv6-fork = break sys_fork
++alias xv6-exec = break sys_exec
++alias xv6-kill = break sys_kill
++break sys_exec
Breakpoint 1 at 0x80004b10: file kernel/sysfile.c, line 436.
++printf "sys_exec called with path: %s\n", (char*)$a0
sys_exec called with path: (null)
++continue
[  syscall   ] pid=1   name=initcode   num=7   scname=exec
++break main
Breakpoint 2 at 0x80000448: file kernel/main.c, line 13.
++break fork
Breakpoint 3 at 0x8000167a: file kernel/proc.c, line 310.
++break forkret
Breakpoint 4 at 0x80001302: file kernel/proc.c, line 564.
Xv6 GDB helpers loaded. Type 'help' to see available commands.
+echo [GDBINIT] .gdbinit loaded successfully\n
[GDBINIT] .gdbinit loaded successfully
+xv6-regs
 registers:
  ra : 0x00000000800022c4  sp : 0x0000003fffffcfc0  gp : 0x0505050505050505  tp : 0x0000000000000000  t0 : 0x0000000080001fd6
  t1 : 0x-7ffffffffff78001  t2 : 0x0505050505050505  s0 : 0x0000003fffffcfe0  s1 : 0x0000000080007f10  a0 : 0x0000000080007f10
  a1 : 0x000000000000002b  a2 : 0x0505050505050505  a3 : 0x0000000000000007  a4 : 0x0000000000000038  a5 : 0x0000000080004b10
  a6 : 0x0505050505050505  a7 : 0x0000000000000007  s2 : 0x0000000087f56000  s3 : 0x0505050505050505  s4 : 0x0505050505050505
  s5 : 0x0505050505050505  s6 : 0x0505050505050505  s7 : 0x0505050505050505  s8 : 0x0505050505050505  s9 : 0x0505050505050505
  s10: 0x0505050505050505  s11: 0x0505050505050505  t3 : 0x0505050505050505  t4 : 0x0505050505050505  t5 : 0x0505050505050505
  t6 : 0x0505050505050505  pc : 0x0000000080004b10
+xv6-backtrace
Backtrace:
#0 kernel/sysfile.c:436 0x80004b10 in sys_exec ()
#1 kernel/syscall.c:164 0x800022c4 in syscall ()
#2 kernel/trap.c:80 0x8000204c in usertrap ()
#3 kernel/trap.c:80 0x505050505050505 in 0x505050505050505 ()
+l
+l
+l
+list
+list
+list
+bracktrace
Undefined command: "bracktrace".  Try "help".
+backtrace
+xv6-backtrace
Backtrace:
#0 kernel/sysfile.c:436 0x80004b10 in sys_exec ()
#1 kernel/syscall.c:164 0x800022c4 in syscall ()
#2 kernel/trap.c:80 0x8000204c in usertrap ()
#3 kernel/trap.c:80 0x505050505050505 in 0x505050505050505 ()
+backtrace
+q
Detaching from pid process 1
Remote connection closed
