++set verbose on
GDB logging enabled: xv6_debug_20250929_205646.log
[*] Setting breakpoint for function: exec
[*] Setting breakpoint for function: syscall
++del xv6-regs
++del xv6-backtrace
++del xv6-proc
++del xv6-syscall
++del xv6-watch-file
++alias xv6-fork = break sys_fork
++alias xv6-exec = break sys_exec
++alias xv6-kill = break sys_kill
++break sys_exec
Breakpoint 1 at 0x80004b10: file kernel/sysfile.c, line 436.
++printf "sys_exec called with path: %s\n", (char*)$a0
sys_exec called with path: (null)
++continue
[  syscall   ] pid=1   name=initcode   num=7   scname=exec
++break main
Breakpoint 2 at 0x80000448: file kernel/main.c, line 13.
++break fork
Breakpoint 3 at 0x8000167a: file kernel/proc.c, line 310.
++break forkret
Breakpoint 4 at 0x80001302: file kernel/proc.c, line 564.
Xv6 GDB helpers loaded. Type 'help' to see available commands.
+echo [GDBINIT] .gdbinit loaded successfully\n
[GDBINIT] .gdbinit loaded successfully
+b *0xc86
Breakpoint 5 at 0xc86+c
Continuing.
[    exec    ] pid=1   name=initcode   num=7   path=/init argv=/init
[  syscall   ] pid=1   name=init       num=15  scname=open
[  syscall   ] pid=1   name=init       num=10  scname=dup
[  syscall   ] pid=1   name=init       num=16  scname=write
[  syscall   ] pid=1   name=init       num=1   scname=fork
+q
Detaching from pid process 1
Remote connection closed
